Copyright 1986-2019 Xilinx, Inc. All Rights Reserved.
------------------------------------------------------------------------------------------------
| Tool Version : Vivado v.2019.2 (win64) Build 2708876 Wed Nov  6 21:40:23 MST 2019
| Date         : Sun Mar  5 22:30:48 2023
| Host         : Z2-R running 64-bit major release  (build 9200)
| Command      : report_control_sets -verbose -file flash_rooth_wrapper_control_sets_placed.rpt
| Design       : flash_rooth_wrapper
| Device       : xc7z020
------------------------------------------------------------------------------------------------

Control Set Information

Table of Contents
-----------------
1. Summary
2. Histogram
3. Flip-Flop Distribution
4. Detailed Control Set Information

1. Summary
----------

+----------------------------------------------------------+-------+
|                          Status                          | Count |
+----------------------------------------------------------+-------+
| Total control sets                                       |   100 |
|    Minimum number of control sets                        |   100 |
|    Addition due to synthesis replication                 |     0 |
|    Addition due to physical synthesis replication        |     0 |
| Unused register locations in slices containing registers |   122 |
+----------------------------------------------------------+-------+
* Control sets can be merged at opt_design using control_set_merge or merge_equivalent_drivers
** Run report_qor_suggestions for automated merging and remapping suggestions


2. Histogram
------------

+--------------------+-------+
|       Fanout       | Count |
+--------------------+-------+
| Total control sets |   100 |
| >= 0 to < 4        |     4 |
| >= 4 to < 6        |     8 |
| >= 6 to < 8        |     0 |
| >= 8 to < 10       |     6 |
| >= 10 to < 12      |     0 |
| >= 12 to < 14      |     0 |
| >= 14 to < 16      |     1 |
| >= 16              |    81 |
+--------------------+-------+
* Control sets can be remapped at either synth_design or opt_design


3. Flip-Flop Distribution
-------------------------

+--------------+-----------------------+------------------------+-----------------+--------------+
| Clock Enable | Synchronous Set/Reset | Asynchronous Set/Reset | Total Registers | Total Slices |
+--------------+-----------------------+------------------------+-----------------+--------------+
| No           | No                    | No                     |             143 |           87 |
| No           | No                    | Yes                    |              55 |           20 |
| No           | Yes                   | No                     |             272 |          105 |
| Yes          | No                    | No                     |            1002 |          669 |
| Yes          | No                    | Yes                    |             485 |          144 |
| Yes          | Yes                   | No                     |            1401 |          643 |
+--------------+-----------------------+------------------------+-----------------+--------------+


4. Detailed Control Set Information
-----------------------------------

+--------------------------------------------------------+--------------------------------------------------------------------------+---------------------------------------------------------+------------------+----------------+
|                      Clock Signal                      |                               Enable Signal                              |                     Set/Reset Signal                    | Slice Load Count | Bel Load Count |
+--------------------------------------------------------+--------------------------------------------------------------------------+---------------------------------------------------------+------------------+----------------+
|  u_rooth_soc_0/u_rooth_0/u_if_ex_0/next_pc_four_o4_out |                                                                          |                                                         |                1 |              1 |
|  u_rooth_soc_0/clk_pll_inst/inst/clk_out1              | u_rooth_soc_0/uart_0/tx_reg_i_2_n_3                                      | u_rooth_soc_0/uart_0/tx_reg_i_1_n_3                     |                1 |              1 |
|  u_rooth_soc_0/clk_pll_inst/inst/clk_out1              | u_rooth_soc_0/u_spi_O/spi_mosi_i_1_n_3                                   | u_rooth_soc_0/u_rooth_0/u_if_as_0/SR[0]                 |                1 |              1 |
| ~jtag_TCK_IBUF_BUFG                                    |                                                                          | u_rooth_soc_0/u_jtag_top/u_jtag_driver/jtag_TDO_i_1_n_3 |                1 |              1 |
|  u_rooth_soc_0/clk_pll_inst/inst/clk_out1              | u_rooth_soc_0/uart_0/state[3]_i_1__0_n_3                                 | u_rooth_soc_0/u_rooth_0/u_if_as_0/SR[0]                 |                1 |              4 |
|  u_rooth_soc_0/clk_pll_inst/inst/clk_out1              | u_rooth_soc_0/uart_0/rx_clk_cnt0                                         | u_rooth_soc_0/uart_0/rx_data                            |                1 |              4 |
|  u_rooth_soc_0/clk_pll_inst/inst/clk_out1              | u_rooth_soc_0/u_rooth_0/u_div_0/state[3]_i_1_n_3                         | u_rooth_soc_0/u_rooth_0/u_if_as_0/SR[0]                 |                1 |              4 |
|  u_rooth_soc_0/clk_pll_inst/inst/clk_out1              | u_rooth_soc_0/uart_0/bit_cnt[3]_i_1_n_3                                  | u_rooth_soc_0/uart_0/tx_reg_i_1_n_3                     |                1 |              4 |
|  u_rooth_soc_0/clk_pll_inst/inst/clk_out1              | u_rooth_soc_0/u_jtag_top/u_jtag_dm/rx/recv_rdy_reg_4[0]                  | u_rooth_soc_0/u_rooth_0/u_if_as_0/SR[0]                 |                2 |              5 |
|  u_rooth_soc_0/clk_pll_inst/inst/clk_out1              | u_rooth_soc_0/u_rooth_0/u_clinet_0/csr_state[4]_i_1_n_3                  | u_rooth_soc_0/u_rooth_0/u_if_as_0/SR[0]                 |                2 |              5 |
|  u_rooth_soc_0/clk_pll_inst/inst/clk_out1              | u_rooth_soc_0/u_spi_O/clk_cnt0                                           | u_rooth_soc_0/u_spi_O/spi_clk_edge_cnt[4]_i_1_n_3       |                2 |              5 |
| ~jtag_TCK_IBUF_BUFG                                    | u_rooth_soc_0/u_jtag_top/u_jtag_driver/FSM_onehot_jtag_state_reg_n_3_[9] | u_rooth_soc_0/u_jtag_top/u_jtag_driver/ir_reg           |                1 |              5 |
|  u_rooth_soc_0/clk_pll_inst/inst/clk_out1              | u_rooth_soc_0/uart_0/rx_data[7]_i_1_n_3                                  | u_rooth_soc_0/uart_0/rx_data                            |                3 |              8 |
|  u_rooth_soc_0/clk_pll_inst/inst/clk_out1              | u_rooth_soc_0/u_rooth_0/u_if_as_0/alu_res_o_reg[28]_0[0]                 |                                                         |                3 |              8 |
|  u_rooth_soc_0/clk_pll_inst/inst/clk_out1              | u_rooth_soc_0/uart_0/E[0]                                                | u_rooth_soc_0/u_rooth_0/u_if_as_0/SR[0]                 |                3 |              8 |
|  u_rooth_soc_0/clk_pll_inst/inst/clk_out1              | u_rooth_soc_0/u_spi_O/rdata[7]_i_1_n_3                                   | u_rooth_soc_0/u_rooth_0/u_if_as_0/SR[0]                 |                3 |              8 |
|  u_rooth_soc_0/clk_pll_inst/inst/clk_out1              | u_rooth_soc_0/u_rooth_0/u_pc_reg_0/done_reg[0]                           | u_rooth_soc_0/u_rooth_0/u_if_as_0/SR[0]                 |                7 |              8 |
|  u_rooth_soc_0/clk_pll_inst/inst/clk_out1              |                                                                          | u_rooth_soc_0/u_spi_O/clk_cnt[8]_i_1_n_3                |                3 |              9 |
|  u_rooth_soc_0/clk_pll_inst/inst/clk_out1              |                                                                          |                                                         |               12 |             14 |
|  u_rooth_soc_0/clk_pll_inst/inst/clk_out1              |                                                                          | u_rooth_soc_0/uart_0/rx_clk_cnt[0]_i_1_n_3              |                4 |             16 |
|  u_rooth_soc_0/clk_pll_inst/inst/clk_out1              | u_rooth_soc_0/uart_0/cycle_cnt[0]_i_2_n_3                                | u_rooth_soc_0/uart_0/cycle_cnt[0]_i_1_n_3               |                4 |             16 |
|  u_rooth_soc_0/clk_pll_inst/inst/clk_out1              | u_rooth_soc_0/u_rooth_0/u_if_as_0/p_1_in[0]                              | u_rooth_soc_0/u_rooth_0/u_if_as_0/SR[0]                 |               14 |             16 |
|  u_rooth_soc_0/clk_pll_inst/inst/clk_out1              | u_rooth_soc_0/u_jtag_top/u_jtag_dm/rx/recv_rdy_reg_6[0]                  | u_rooth_soc_0/u_rooth_0/u_if_as_0/SR[0]                 |                7 |             20 |
|  u_rooth_soc_0/clk_pll_inst/inst/clk_out1              | u_rooth_soc_0/u_rooth_0/u_pc_reg_0/done_reg[0]                           | u_rooth_soc_0/u_rooth_0/u_if_as_0/done_reg[0]           |               20 |             24 |
|  u_rooth_soc_0/clk_pll_inst/inst/clk_out1              | u_rooth_soc_0/u_rooth_0/u_pc_reg_0/p_1_in__0[0]                          | u_rooth_soc_0/u_rooth_0/u_if_as_0/SR[0]                 |               20 |             30 |
|  jtag_TCK_IBUF_BUFG                                    |                                                                          | u_rooth_soc_0/u_rooth_0/u_if_as_0/SR[0]                 |                9 |             31 |
|  u_rooth_soc_0/clk_pll_inst/inst/clk_out1              | u_rooth_soc_0/u_rooth_0/u_if_as_0/alu_res_o_reg[28]_1[0]                 | u_rooth_soc_0/u_rooth_0/u_if_as_0/SR[0]                 |               27 |             31 |
|  u_rooth_soc_0/clk_pll_inst/inst/clk_out1              | u_rooth_soc_0/u_rooth_0/u_div_0/dividend_r[31]_i_1_n_3                   | u_rooth_soc_0/u_rooth_0/u_if_as_0/SR[0]                 |               23 |             32 |
|  u_rooth_soc_0/clk_pll_inst/inst/clk_out1              |                                                                          | u_rooth_soc_0/timer_0/timer_count[0]_i_1_n_3            |                8 |             32 |
|  u_rooth_soc_0/clk_pll_inst/inst/clk_out1              | u_rooth_soc_0/u_jtag_top/u_jtag_dm/rx/recv_data_reg[2]_1[0]              | u_rooth_soc_0/u_rooth_0/u_if_as_0/SR[0]                 |                8 |             32 |
|  u_rooth_soc_0/clk_pll_inst/inst/clk_out1              | u_rooth_soc_0/u_jtag_top/u_jtag_dm/rx/recv_data_reg[38]_0[0]             | u_rooth_soc_0/u_rooth_0/u_if_as_0/SR[0]                 |               13 |             32 |
|  u_rooth_soc_0/clk_pll_inst/inst/clk_out1              | u_rooth_soc_0/u_jtag_top/u_jtag_dm/rx/recv_rdy_reg_3[0]                  | u_rooth_soc_0/u_rooth_0/u_if_as_0/SR[0]                 |               13 |             32 |
|  u_rooth_soc_0/clk_pll_inst/inst/clk_out1              | u_rooth_soc_0/u_jtag_top/u_jtag_dm/rx/recv_rdy_reg_8[0]                  | u_rooth_soc_0/u_rooth_0/u_if_as_0/SR[0]                 |               15 |             32 |
|  u_rooth_soc_0/clk_pll_inst/inst/clk_out1              | u_rooth_soc_0/u_jtag_top/u_jtag_dm/rx/recv_rdy_reg_7[0]                  | u_rooth_soc_0/u_rooth_0/u_if_as_0/SR[0]                 |                9 |             32 |
|  u_rooth_soc_0/clk_pll_inst/inst/clk_out1              | u_rooth_soc_0/u_jtag_top/u_jtag_dm/rx/recv_rdy_reg_5[0]                  | u_rooth_soc_0/u_rooth_0/u_if_as_0/SR[0]                 |               14 |             32 |
|  u_rooth_soc_0/clk_pll_inst/inst/clk_out1              | u_rooth_soc_0/u_rooth_0/u_if_wb_0/reg_wr_adder_o_reg[0]_2[0]             |                                                         |               21 |             32 |
|  u_rooth_soc_0/clk_pll_inst/inst/clk_out1              | u_rooth_soc_0/u_rooth_0/u_if_wb_0/reg_wr_adder_o_reg[3]_3[0]             |                                                         |               25 |             32 |
|  u_rooth_soc_0/clk_pll_inst/inst/clk_out1              | u_rooth_soc_0/u_jtag_top/u_jtag_dm/rx/E[0]                               | u_rooth_soc_0/u_rooth_0/u_if_as_0/SR[0]                 |               12 |             32 |
|  u_rooth_soc_0/clk_pll_inst/inst/clk_out1              | u_rooth_soc_0/u_rooth_0/u_clinet_0/I2                                    | u_rooth_soc_0/u_jtag_top/u_jtag_dm/SR[0]                |                9 |             32 |
|  u_rooth_soc_0/clk_pll_inst/inst/clk_out1              | u_rooth_soc_0/u_rooth_0/u_clinet_0/E[0]                                  | u_rooth_soc_0/u_rooth_0/u_if_as_0/SR[0]                 |               13 |             32 |
|  u_rooth_soc_0/clk_pll_inst/inst/clk_out1              | u_rooth_soc_0/u_rooth_0/u_if_wb_0/dm_reg_we_reg_2[0]                     |                                                         |               24 |             32 |
|  u_rooth_soc_0/clk_pll_inst/inst/clk_out1              | u_rooth_soc_0/u_rooth_0/u_clinet_0/we_o_reg_0[0]                         | u_rooth_soc_0/u_rooth_0/u_if_as_0/SR[0]                 |               18 |             32 |
|  u_rooth_soc_0/clk_pll_inst/inst/clk_out1              | u_rooth_soc_0/u_rooth_0/u_clinet_0/we_o_reg_1[0]                         | u_rooth_soc_0/u_rooth_0/u_if_as_0/SR[0]                 |               11 |             32 |
|  n_2_2108_BUFG                                         |                                                                          |                                                         |               19 |             32 |
|  u_rooth_soc_0/clk_pll_inst/inst/clk_out1              | u_rooth_soc_0/u_rooth_0/u_div_0/div_remain[31]_i_1_n_3                   | u_rooth_soc_0/u_rooth_0/u_if_as_0/SR[0]                 |               12 |             32 |
|  u_rooth_soc_0/clk_pll_inst/inst/clk_out1              | u_rooth_soc_0/u_rooth_0/u_if_wb_0/dm_reg_we_reg_0[0]                     |                                                         |               21 |             32 |
|  u_rooth_soc_0/clk_pll_inst/inst/clk_out1              | u_rooth_soc_0/u_rooth_0/u_div_0/divisor_r[31]_i_1_n_3                    | u_rooth_soc_0/u_rooth_0/u_if_as_0/SR[0]                 |               16 |             32 |
|  u_rooth_soc_0/clk_pll_inst/inst/clk_out1              | u_rooth_soc_0/u_rooth_0/u_div_0/minuend[31]_i_1_n_3                      | u_rooth_soc_0/u_rooth_0/u_if_as_0/SR[0]                 |               12 |             32 |
|  u_rooth_soc_0/clk_pll_inst/inst/clk_out1              | u_rooth_soc_0/u_rooth_0/u_if_wb_0/dm_reg_we_reg_1[0]                     |                                                         |               20 |             32 |
|  u_rooth_soc_0/clk_pll_inst/inst/clk_out1              | u_rooth_soc_0/u_rooth_0/u_if_wb_0/dm_reg_we_reg_10[0]                    |                                                         |               27 |             32 |
|  u_rooth_soc_0/clk_pll_inst/inst/clk_out1              | u_rooth_soc_0/u_rooth_0/u_if_wb_0/dm_reg_we_reg_3[0]                     |                                                         |               23 |             32 |
|  u_rooth_soc_0/clk_pll_inst/inst/clk_out1              | u_rooth_soc_0/u_rooth_0/u_if_wb_0/dm_reg_we_reg_5[0]                     |                                                         |               19 |             32 |
|  u_rooth_soc_0/clk_pll_inst/inst/clk_out1              | u_rooth_soc_0/u_rooth_0/u_if_wb_0/reg_wr_adder_o_reg[3]_2[0]             |                                                         |               19 |             32 |
|  u_rooth_soc_0/clk_pll_inst/inst/clk_out1              | u_rooth_soc_0/u_rooth_0/u_if_wb_0/reg_wr_adder_o_reg[0]_4[0]             |                                                         |               20 |             32 |
|  u_rooth_soc_0/clk_pll_inst/inst/clk_out1              | u_rooth_soc_0/u_rooth_0/u_if_wb_0/reg_wr_adder_o_reg[3]_1[0]             |                                                         |               17 |             32 |
|  u_rooth_soc_0/clk_pll_inst/inst/clk_out1              | u_rooth_soc_0/u_rooth_0/u_if_wb_0/reg_wr_adder_o_reg[1]_2[0]             |                                                         |               18 |             32 |
|  u_rooth_soc_0/clk_pll_inst/inst/clk_out1              | u_rooth_soc_0/u_rooth_0/u_if_wb_0/reg_wr_adder_o_reg[1]_3[0]             |                                                         |               21 |             32 |
|  u_rooth_soc_0/clk_pll_inst/inst/clk_out1              | u_rooth_soc_0/u_rooth_0/u_if_wb_0/reg_wr_adder_o_reg[2]_1[0]             |                                                         |               20 |             32 |
|  u_rooth_soc_0/clk_pll_inst/inst/clk_out1              | u_rooth_soc_0/u_rooth_0/u_if_wb_0/reg_wr_adder_o_reg[1]_1[0]             |                                                         |               23 |             32 |
|  u_rooth_soc_0/clk_pll_inst/inst/clk_out1              | u_rooth_soc_0/u_rooth_0/u_if_wb_0/reg_wr_adder_o_reg[0]_1[0]             |                                                         |               26 |             32 |
|  u_rooth_soc_0/clk_pll_inst/inst/clk_out1              | u_rooth_soc_0/u_rooth_0/u_if_wb_0/reg_wr_adder_o_reg[3]_0[0]             |                                                         |               28 |             32 |
|  n_1_1_BUFG                                            |                                                                          |                                                         |               15 |             32 |
|  u_rooth_soc_0/clk_pll_inst/inst/clk_out1              | u_rooth_soc_0/u_rooth_0/u_if_wb_0/reg_wr_adder_o_reg[0]_0[0]             |                                                         |               21 |             32 |
|  u_rooth_soc_0/clk_pll_inst/inst/clk_out1              | u_rooth_soc_0/u_rooth_0/u_if_wb_0/reg_wr_adder_o_reg[1]_0[0]             |                                                         |               25 |             32 |
|  u_rooth_soc_0/clk_pll_inst/inst/clk_out1              | u_rooth_soc_0/u_rooth_0/u_if_wb_0/csr_wr_adder_o_reg[6]_0[0]             | u_rooth_soc_0/u_rooth_0/u_if_as_0/SR[0]                 |               13 |             32 |
|  u_rooth_soc_0/clk_pll_inst/inst/clk_out1              | u_rooth_soc_0/u_rooth_0/u_if_wb_0/csr_wr_adder_o_reg[0]_1[0]             | u_rooth_soc_0/u_rooth_0/u_if_as_0/SR[0]                 |                9 |             32 |
|  u_rooth_soc_0/clk_pll_inst/inst/clk_out1              | u_rooth_soc_0/u_rooth_0/u_if_wb_0/csr_wr_adder_o_reg[0]_0[0]             | u_rooth_soc_0/u_rooth_0/u_if_as_0/SR[0]                 |               14 |             32 |
|  u_rooth_soc_0/clk_pll_inst/inst/clk_out1              | u_rooth_soc_0/u_rooth_0/u_if_ex_0/E[0]                                   | u_rooth_soc_0/u_rooth_0/u_if_as_0/SR[0]                 |                8 |             32 |
|  u_rooth_soc_0/clk_pll_inst/inst/clk_out1              | u_rooth_soc_0/u_rooth_0/u_if_ex_0/dm_halt_req_reg[0]                     | u_rooth_soc_0/u_rooth_0/u_if_as_0/SR[0]                 |               31 |             32 |
|  u_rooth_soc_0/clk_pll_inst/inst/clk_out1              | u_rooth_soc_0/u_rooth_0/u_pc_reg_0/curr_pc_o_reg[3]_0[0]                 | u_rooth_soc_0/u_rooth_0/u_if_as_0/SR[0]                 |               22 |             32 |
|  u_rooth_soc_0/clk_pll_inst/inst/clk_out1              | u_rooth_soc_0/u_rooth_0/u_pc_reg_0/curr_pc_o_reg[1]_0[0]                 | u_rooth_soc_0/u_rooth_0/u_if_as_0/SR[0]                 |               25 |             32 |
|  u_rooth_soc_0/clk_pll_inst/inst/clk_out1              | u_rooth_soc_0/u_rooth_0/u_pc_reg_0/curr_pc_o_reg[3]_1[0]                 | u_rooth_soc_0/u_rooth_0/u_if_as_0/SR[0]                 |               22 |             32 |
|  u_rooth_soc_0/clk_pll_inst/inst/clk_out1              | u_rooth_soc_0/u_rooth_0/u_if_wb_0/reg_wr_adder_o_reg[4]_0[0]             |                                                         |               21 |             32 |
|  u_rooth_soc_0/clk_pll_inst/inst/clk_out1              | u_rooth_soc_0/u_rooth_0/u_if_wb_0/reg_wr_adder_o_reg[2]_0[0]             |                                                         |               15 |             32 |
|  u_rooth_soc_0/clk_pll_inst/inst/clk_out1              | u_rooth_soc_0/u_rooth_0/u_pc_reg_0/curr_pc_o_reg[3]_2[0]                 | u_rooth_soc_0/u_rooth_0/u_if_as_0/SR[0]                 |               18 |             32 |
|  u_rooth_soc_0/clk_pll_inst/inst/clk_out1              | u_rooth_soc_0/u_rooth_0/u_if_wb_0/reg_wr_adder_o_reg[4]_1[0]             |                                                         |               16 |             32 |
|  u_rooth_soc_0/clk_pll_inst/inst/clk_out1              | u_rooth_soc_0/u_rooth_0/u_if_wb_0/reg_wr_adder_o_reg[4]_2[0]             |                                                         |               16 |             32 |
|  u_rooth_soc_0/clk_pll_inst/inst/clk_out1              | u_rooth_soc_0/u_rooth_0/u_if_wb_0/reg_wr_adder_o_reg[0]_3[0]             |                                                         |               21 |             32 |
|  u_rooth_soc_0/clk_pll_inst/inst/clk_out1              | u_rooth_soc_0/u_rooth_0/u_if_wb_0/dm_reg_we_reg_8[0]                     |                                                         |               18 |             32 |
|  u_rooth_soc_0/clk_pll_inst/inst/clk_out1              | u_rooth_soc_0/u_rooth_0/u_if_wb_0/dm_reg_we_reg_7[0]                     |                                                         |               21 |             32 |
|  u_rooth_soc_0/clk_pll_inst/inst/clk_out1              | u_rooth_soc_0/u_rooth_0/u_if_wb_0/dm_reg_we_reg_6[0]                     |                                                         |               22 |             32 |
|  u_rooth_soc_0/clk_pll_inst/inst/clk_out1              | u_rooth_soc_0/u_rooth_0/u_if_wb_0/dm_reg_we_reg[0]                       |                                                         |               25 |             32 |
|  u_rooth_soc_0/clk_pll_inst/inst/clk_out1              | u_rooth_soc_0/u_rooth_0/u_if_wb_0/dm_reg_we_reg_4[0]                     |                                                         |               28 |             32 |
|  u_rooth_soc_0/clk_pll_inst/inst/clk_out1              | u_rooth_soc_0/u_rooth_0/u_if_wb_0/reg_wr_adder_o_reg[2]_2[0]             |                                                         |               19 |             33 |
|  u_rooth_soc_0/clk_pll_inst/inst/clk_out1              | u_rooth_soc_0/u_rooth_0/u_div_0/result_o[31]_i_1_n_3                     | u_rooth_soc_0/u_rooth_0/u_if_as_0/SR[0]                 |               11 |             33 |
|  u_rooth_soc_0/clk_pll_inst/inst/clk_out1              | u_rooth_soc_0/u_rooth_0/u_if_wb_0/dm_reg_we_reg_9[0]                     |                                                         |               26 |             33 |
|  u_rooth_soc_0/clk_pll_inst/inst/clk_out1              | u_rooth_soc_0/u_rooth_0/u_clinet_0/p_1_in[2]                             | u_rooth_soc_0/u_rooth_0/u_if_as_0/SR[0]                 |               14 |             36 |
|  u_rooth_soc_0/clk_pll_inst/inst/clk_out1              | u_rooth_soc_0/u_jtag_top/u_jtag_dm/tx/req_data                           | u_rooth_soc_0/u_rooth_0/u_if_as_0/SR[0]                 |                9 |             38 |
|  jtag_TCK_IBUF_BUFG                                    | u_rooth_soc_0/u_jtag_top/u_jtag_driver/rx/E[0]                           | u_rooth_soc_0/u_rooth_0/u_if_as_0/SR[0]                 |                9 |             38 |
|  jtag_TCK_IBUF_BUFG                                    | u_rooth_soc_0/u_jtag_top/u_jtag_driver/rx/recv_rdy                       | u_rooth_soc_0/u_rooth_0/u_if_as_0/SR[0]                 |                7 |             39 |
|  jtag_TCK_IBUF_BUFG                                    | u_rooth_soc_0/u_jtag_top/u_jtag_driver/tx/E[0]                           | u_rooth_soc_0/u_rooth_0/u_if_as_0/SR[0]                 |                8 |             40 |
|  jtag_TCK_IBUF_BUFG                                    | u_rooth_soc_0/u_jtag_top/u_jtag_driver/tx/req_data__0                    | u_rooth_soc_0/u_rooth_0/u_if_as_0/SR[0]                 |               10 |             40 |
|  jtag_TCK_IBUF_BUFG                                    | u_rooth_soc_0/u_jtag_top/u_jtag_driver/shift_reg                         | u_rooth_soc_0/u_jtag_top/u_jtag_driver/shift_reg0       |               12 |             40 |
|  u_rooth_soc_0/clk_pll_inst/inst/clk_out1              | u_rooth_soc_0/u_jtag_top/u_jtag_dm/rx/recv_data                          | u_rooth_soc_0/u_rooth_0/u_if_as_0/SR[0]                 |                8 |             41 |
|  u_rooth_soc_0/clk_pll_inst/inst/clk_out1              | u_rooth_soc_0/u_rooth_0/u_div_0/count[30]_i_1_n_3                        | u_rooth_soc_0/u_rooth_0/u_if_as_0/SR[0]                 |               17 |             63 |
|  n_0_1438_BUFG                                         |                                                                          |                                                         |               40 |             64 |
|  u_rooth_soc_0/clk_pll_inst/inst/clk_out1              | u_rooth_soc_0/u_rooth_0/u_if_ex_0/inst_o[31]_i_1__0_n_3                  | u_rooth_soc_0/u_rooth_0/u_if_as_0/SR[0]                 |               43 |            142 |
|  u_rooth_soc_0/clk_pll_inst/inst/clk_out1              | u_rooth_soc_0/u_rooth_0/u_if_as_0/int_assert_o_reg[0]                    | u_rooth_soc_0/u_rooth_0/u_if_as_0/SR[0]                 |               61 |            147 |
|  u_rooth_soc_0/clk_pll_inst/inst/clk_out1              | u_rooth_soc_0/u_rooth_0/u_if_ex_0/dm_halt_req_reg_rep_8[0]               | u_rooth_soc_0/u_rooth_0/u_if_as_0/SR[0]                 |               97 |            214 |
|  u_rooth_soc_0/clk_pll_inst/inst/clk_out1              |                                                                          | u_rooth_soc_0/u_rooth_0/u_if_as_0/SR[0]                 |              100 |            238 |
+--------------------------------------------------------+--------------------------------------------------------------------------+---------------------------------------------------------+------------------+----------------+


