------------------------------------------------------------
Timing Analyzer Summary
------------------------------------------------------------

Type  : Slow 1200mV 85C Model Setup 'clk_pll_inst|altpll_component|auto_generated|pll1|clk[0]'
Slack : -26.157
TNS   : -34752.041

Type  : Slow 1200mV 85C Model Setup 'refer_clk'
Slack : -12.140
TNS   : -720.473

Type  : Slow 1200mV 85C Model Hold 'clk_pll_inst|altpll_component|auto_generated|pll1|clk[0]'
Slack : 0.433
TNS   : 0.000

Type  : Slow 1200mV 85C Model Hold 'refer_clk'
Slack : 1.111
TNS   : 0.000

Type  : Slow 1200mV 85C Model Minimum Pulse Width 'clk_pll_inst|altpll_component|auto_generated|pll1|clk[0]'
Slack : -2.201
TNS   : -1591.637

Type  : Slow 1200mV 85C Model Minimum Pulse Width 'refer_clk'
Slack : 9.656
TNS   : 0.000

Type  : Slow 1200mV 0C Model Setup 'clk_pll_inst|altpll_component|auto_generated|pll1|clk[0]'
Slack : -24.620
TNS   : -32645.663

Type  : Slow 1200mV 0C Model Setup 'refer_clk'
Slack : -11.536
TNS   : -677.772

Type  : Slow 1200mV 0C Model Hold 'clk_pll_inst|altpll_component|auto_generated|pll1|clk[0]'
Slack : 0.383
TNS   : 0.000

Type  : Slow 1200mV 0C Model Hold 'refer_clk'
Slack : 1.034
TNS   : 0.000

Type  : Slow 1200mV 0C Model Minimum Pulse Width 'clk_pll_inst|altpll_component|auto_generated|pll1|clk[0]'
Slack : -2.201
TNS   : -1591.637

Type  : Slow 1200mV 0C Model Minimum Pulse Width 'refer_clk'
Slack : 9.664
TNS   : 0.000

Type  : Fast 1200mV 0C Model Setup 'clk_pll_inst|altpll_component|auto_generated|pll1|clk[0]'
Slack : -10.556
TNS   : -12287.297

Type  : Fast 1200mV 0C Model Setup 'refer_clk'
Slack : -4.353
TNS   : -235.152

Type  : Fast 1200mV 0C Model Hold 'clk_pll_inst|altpll_component|auto_generated|pll1|clk[0]'
Slack : 0.179
TNS   : 0.000

Type  : Fast 1200mV 0C Model Hold 'refer_clk'
Slack : 0.426
TNS   : 0.000

Type  : Fast 1200mV 0C Model Minimum Pulse Width 'clk_pll_inst|altpll_component|auto_generated|pll1|clk[0]'
Slack : 0.000
TNS   : 0.000

Type  : Fast 1200mV 0C Model Minimum Pulse Width 'refer_clk'
Slack : 9.327
TNS   : 0.000

------------------------------------------------------------
